// Vitest Snapshot v1

exports[`Error > Renders without crashing 1`] = `
<h1>
  Error! Not found!
</h1>
`;
